------------------------------------------------------------
TimeQuest Timing Analyzer Summary
------------------------------------------------------------

Type  : Slow 1200mV 85C Model Setup 'SWITCH[0]'
Slack : -84.395
TNS   : -433.663

Type  : Slow 1200mV 85C Model Setup 'on3'
Slack : -26.374
TNS   : -1675.764

Type  : Slow 1200mV 85C Model Setup 'clk'
Slack : -4.605
TNS   : -18.504

Type  : Slow 1200mV 85C Model Setup 'on'
Slack : -3.768
TNS   : -9.728

Type  : Slow 1200mV 85C Model Hold 'on3'
Slack : 0.078
TNS   : 0.000

Type  : Slow 1200mV 85C Model Hold 'SWITCH[0]'
Slack : 0.396
TNS   : 0.000

Type  : Slow 1200mV 85C Model Hold 'on'
Slack : 0.621
TNS   : 0.000

Type  : Slow 1200mV 85C Model Hold 'clk'
Slack : 0.633
TNS   : 0.000

Type  : Slow 1200mV 85C Model Minimum Pulse Width 'on3'
Slack : -3.166
TNS   : -336.148

Type  : Slow 1200mV 85C Model Minimum Pulse Width 'clk'
Slack : -3.000
TNS   : -22.642

Type  : Slow 1200mV 85C Model Minimum Pulse Width 'SWITCH[0]'
Slack : -3.000
TNS   : -3.000

Type  : Slow 1200mV 85C Model Minimum Pulse Width 'on'
Slack : -1.403
TNS   : -11.224

Type  : Slow 1200mV 0C Model Setup 'SWITCH[0]'
Slack : -77.281
TNS   : -396.728

Type  : Slow 1200mV 0C Model Setup 'on3'
Slack : -23.965
TNS   : -1512.903

Type  : Slow 1200mV 0C Model Setup 'clk'
Slack : -4.129
TNS   : -15.542

Type  : Slow 1200mV 0C Model Setup 'on'
Slack : -3.363
TNS   : -8.141

Type  : Slow 1200mV 0C Model Hold 'on3'
Slack : 0.178
TNS   : 0.000

Type  : Slow 1200mV 0C Model Hold 'SWITCH[0]'
Slack : 0.377
TNS   : 0.000

Type  : Slow 1200mV 0C Model Hold 'on'
Slack : 0.574
TNS   : 0.000

Type  : Slow 1200mV 0C Model Hold 'clk'
Slack : 0.587
TNS   : 0.000

Type  : Slow 1200mV 0C Model Minimum Pulse Width 'on3'
Slack : -3.166
TNS   : -336.148

Type  : Slow 1200mV 0C Model Minimum Pulse Width 'clk'
Slack : -3.000
TNS   : -22.642

Type  : Slow 1200mV 0C Model Minimum Pulse Width 'SWITCH[0]'
Slack : -3.000
TNS   : -3.000

Type  : Slow 1200mV 0C Model Minimum Pulse Width 'on'
Slack : -1.403
TNS   : -11.224

Type  : Fast 1200mV 0C Model Setup 'SWITCH[0]'
Slack : -35.460
TNS   : -175.134

Type  : Fast 1200mV 0C Model Setup 'on3'
Slack : -10.672
TNS   : -595.714

Type  : Fast 1200mV 0C Model Setup 'clk'
Slack : -1.392
TNS   : -1.406

Type  : Fast 1200mV 0C Model Setup 'on'
Slack : -1.016
TNS   : -1.016

Type  : Fast 1200mV 0C Model Hold 'on3'
Slack : -0.241
TNS   : -15.228

Type  : Fast 1200mV 0C Model Hold 'SWITCH[0]'
Slack : 0.114
TNS   : 0.000

Type  : Fast 1200mV 0C Model Hold 'on'
Slack : 0.239
TNS   : 0.000

Type  : Fast 1200mV 0C Model Hold 'clk'
Slack : 0.244
TNS   : 0.000

Type  : Fast 1200mV 0C Model Minimum Pulse Width 'clk'
Slack : -3.000
TNS   : -17.420

Type  : Fast 1200mV 0C Model Minimum Pulse Width 'SWITCH[0]'
Slack : -3.000
TNS   : -3.000

Type  : Fast 1200mV 0C Model Minimum Pulse Width 'on3'
Slack : -1.000
TNS   : -222.000

Type  : Fast 1200mV 0C Model Minimum Pulse Width 'on'
Slack : -1.000
TNS   : -8.000

------------------------------------------------------------
